fn funcX_naga_oil_vrt_XORXXAX() -> f32 {
    return 4f;
}

fn funcX_naga_oil_mod_XORXXAX() -> f32 {
    return 2f;
}

fn mult_twoX_naga_oil_mod_XORXXAX(f: f32) -> f32 {
    let _e0: f32 = funcX_naga_oil_vrt_XORXXAX();
    return (f * _e0);
}

@fragment
fn fragment(@builtin(position) frag_coord: vec4<f32>) -> @location(0) vec4<f32> {
    let _e1: f32 = mult_twoX_naga_oil_mod_XORXXAX(3f);
    return vec4(_e1);
}
