error: patch is invalid as `outer` is not virtual (this error can be disabled with feature 'patch_any')
  ┌─ tests/overrides/top_invalid.wgsl:3:14
  │
3 │ pub patch fn mod::outer() -> f32 {
  │                  ^
