error: required module 'missing' not found
   ┌─ tests/error_test/include.wgsl:11:13
   │
11 │     let x = missing::y();
   │             ^
   │
   = missing module 'missing'

